DEPRECATION WARNING [import]: Sass @import rules are deprecated and will be removed in Dart Sass 3.0.0.

More info and automated migrator: https://sass-lang.com/d/import

    ╷
177 │ @import "_common/utils";
    │         ^^^^^^^^^^^^^^^
    ╵
    jane.scss 177:9  root stylesheet

DEPRECATION WARNING [import]: Sass @import rules are deprecated and will be removed in Dart Sass 3.0.0.

More info and automated migrator: https://sass-lang.com/d/import

    ╷
178 │ @import "_base";
    │         ^^^^^^^
    ╵
    jane.scss 178:9  root stylesheet

DEPRECATION WARNING [import]: Sass @import rules are deprecated and will be removed in Dart Sass 3.0.0.

More info and automated migrator: https://sass-lang.com/d/import

    ╷
184 │ @import "_partial/_header/desktop_header";
    │         ^^^^^^^^^^^^^^^^^^^^^^^^^^^^^^^^^
    ╵
    jane.scss 184:9  root stylesheet

DEPRECATION WARNING [import]: Sass @import rules are deprecated and will be removed in Dart Sass 3.0.0.

More info and automated migrator: https://sass-lang.com/d/import

    ╷
185 │ @import "_partial/_header/mobile_header";
    │         ^^^^^^^^^^^^^^^^^^^^^^^^^^^^^^^^
    ╵
    jane.scss 185:9  root stylesheet

DEPRECATION WARNING [import]: Sass @import rules are deprecated and will be removed in Dart Sass 3.0.0.

More info and automated migrator: https://sass-lang.com/d/import

    ╷
186 │ @import "_partial/icons";
    │         ^^^^^^^^^^^^^^^^
    ╵
    jane.scss 186:9  root stylesheet

DEPRECATION WARNING [import]: Sass @import rules are deprecated and will be removed in Dart Sass 3.0.0.

More info and automated migrator: https://sass-lang.com/d/import

    ╷
187 │ @import "_partial/pagination";
    │         ^^^^^^^^^^^^^^^^^^^^^
    ╵
    jane.scss 187:9  root stylesheet

DEPRECATION WARNING [import]: Sass @import rules are deprecated and will be removed in Dart Sass 3.0.0.

More info and automated migrator: https://sass-lang.com/d/import

    ╷
188 │ @import "_partial/footer";
    │         ^^^^^^^^^^^^^^^^^
    ╵
    jane.scss 188:9  root stylesheet

DEPRECATION WARNING [import]: Sass @import rules are deprecated and will be removed in Dart Sass 3.0.0.

More info and automated migrator: https://sass-lang.com/d/import

    ╷
189 │ @import "_partial/post";
    │         ^^^^^^^^^^^^^^^
    ╵
    jane.scss 189:9  root stylesheet

DEPRECATION WARNING [import]: Sass @import rules are deprecated and will be removed in Dart Sass 3.0.0.

More info and automated migrator: https://sass-lang.com/d/import

    ╷
190 │ @import "_partial/_widget/index";
    │         ^^^^^^^^^^^^^^^^^^^^^^^^
    ╵
    jane.scss 190:9  root stylesheet

DEPRECATION WARNING [import]: Sass @import rules are deprecated and will be removed in Dart Sass 3.0.0.

More info and automated migrator: https://sass-lang.com/d/import

    ╷
191 │ @import "_partial/404";
    │         ^^^^^^^^^^^^^^
    ╵
    jane.scss 191:9  root stylesheet

DEPRECATION WARNING [import]: Sass @import rules are deprecated and will be removed in Dart Sass 3.0.0.

More info and automated migrator: https://sass-lang.com/d/import

    ╷
195 │ @import "_partial/author_info";
    │         ^^^^^^^^^^^^^^^^^^^^^^
    ╵
    jane.scss 195:9  root stylesheet

DEPRECATION WARNING [import]: Sass @import rules are deprecated and will be removed in Dart Sass 3.0.0.

More info and automated migrator: https://sass-lang.com/d/import

    ╷
200 │ @import "_page/home";
    │         ^^^^^^^^^^^^
    ╵
    jane.scss 200:9  root stylesheet

DEPRECATION WARNING [import]: Sass @import rules are deprecated and will be removed in Dart Sass 3.0.0.

More info and automated migrator: https://sass-lang.com/d/import

    ╷
201 │ @import "_page/archive";
    │         ^^^^^^^^^^^^^^^
    ╵
    jane.scss 201:9  root stylesheet

DEPRECATION WARNING [import]: Sass @import rules are deprecated and will be removed in Dart Sass 3.0.0.

More info and automated migrator: https://sass-lang.com/d/import

    ╷
202 │ @import "_page/tag_cloud";
    │         ^^^^^^^^^^^^^^^^^
    ╵
    jane.scss 202:9  root stylesheet

DEPRECATION WARNING [import]: Sass @import rules are deprecated and will be removed in Dart Sass 3.0.0.

More info and automated migrator: https://sass-lang.com/d/import

    ╷
207 │ @import "_components/card";
    │         ^^^^^^^^^^^^^^^^^^
    ╵
    jane.scss 207:9  root stylesheet

DEPRECATION WARNING [import]: Sass @import rules are deprecated and will be removed in Dart Sass 3.0.0.

More info and automated migrator: https://sass-lang.com/d/import

    ╷
208 │ @import "_components/search";
    │         ^^^^^^^^^^^^^^^^^^^^
    ╵
    jane.scss 208:9  root stylesheet

DEPRECATION WARNING [import]: Sass @import rules are deprecated and will be removed in Dart Sass 3.0.0.

More info and automated migrator: https://sass-lang.com/d/import

    ╷
213 │ @import "_shortcodes/highlight";
    │         ^^^^^^^^^^^^^^^^^^^^^^^
    ╵
    jane.scss 213:9  root stylesheet

DEPRECATION WARNING [import]: Sass @import rules are deprecated and will be removed in Dart Sass 3.0.0.

More info and automated migrator: https://sass-lang.com/d/import

    ╷
214 │ @import "_shortcodes/notice";
    │         ^^^^^^^^^^^^^^^^^^^^
    ╵
    jane.scss 214:9  root stylesheet

DEPRECATION WARNING [import]: Sass @import rules are deprecated and will be removed in Dart Sass 3.0.0.

More info and automated migrator: https://sass-lang.com/d/import

    ╷
219 │ @import "_custom";
    │         ^^^^^^^^^
    ╵
    jane.scss 219:9  root stylesheet

Error: Undefined variable.
   ╷
35 │   max-width: $article-max-width;
   │              ^^^^^^^^^^^^^^^^^^
   ╵
  _partial/_post.scss 35:14  @import
  jane.scss 189:9            root stylesheet
